[ERROR][2022-08-08 18:35:54,440][eggpair-command-server_1,pid:13835,tid:140696333833984][command_router.py:93.dispatch] - Failed to dispatch to [v1/egg-pair/runTask], task_name: withStores, request: [<ErTask(id=er_session_py_20220808.183523.631_192.168.222.133-py-job-20220808.183554.427043_withStores-task-0, name=withStores, inputs=[<ErPartition(id=0, store_locator=<ErStoreLocator(id=0, store_type=ROLL_PAIR_CACHE, namespace=er_session_meta, name=er_session_py_20220808.183523.631_192.168.222.133, path=, total_partitions=3, partitioner=BYTESTRING_HASH, serdes=PICKLE) at 0x7ff681fbb9e8>, processor=<ErProcessor(id=1, server_node_id=2, name=, processor_type=egg_pair, status=RUNNING, command_endpoint=<ErEndpoint(host=192.168.222.133, port=34137) at 0x7ff681fbb198>, transfer_endpoint=<ErEndpoint(host=192.168.222.133, port=41965) at 0x7ff681fbb2e8>, pid=13835, options=[{}], tag=) at 0x7ff681fbb3c8>, rank_in_node=0) at 0x7ff681fbb898>], outputs=[], job=<ErJob(id=er_session_py_20220808.183523.631_192.168.222.133-py-job-20220808.183554.427043_withStores, name=withStores, inputs=[<ErStore(store_locator=<ErStoreLocator(id=0, store_type=ROLL_PAIR_CACHE, namespace=er_session_meta, name=er_session_py_20220808.183523.631_192.168.222.133, path=, total_partitions=3, partitioner=BYTESTRING_HASH, serdes=PICKLE) at 0x7ff681fbbb38>, partitions=[***, len=3], options=[{'eggroll.session.processors.per.node': '3', 'total_partitions': '3', 'store_type': 'ROLL_PAIR_CACHE', 'create_if_missing': 'True', 'eggroll.session.id': 'er_session_py_20220808.183523.631_192.168.222.133'}]) at 0x7ff681fbbef0>], outputs=[], functors=[1], options={}) at 0x7ff681fbbeb8>) at 0x7ff681fbbba8>]
Traceback (most recent call last):
  File "/home/app/workspace/Eggroll_deploy/python/eggroll/core/utils.py", line 187, in wrapper
    return func(*args, **kw)
  File "/home/app/workspace/Eggroll_deploy/python/eggroll/roll_pair/egg_pair.py", line 690, in run_task
    value=self.functor_serdes.serialize(f(task)))
  File "/home/app/workspace/Eggroll_deploy/python/eggroll/roll_pair/test/test_roll_pair.py", line 80, in get_eggs
    eggs = input_adapter.get('eggs')
  File "/home/app/workspace/Eggroll_deploy/python/eggroll/core/pair_store/adapter.py", line 190, in get
    return self.data[key]
KeyError: 'eggs'

During handling of the above exception, another exception occurred:

Traceback (most recent call last):
  File "/home/app/workspace/Eggroll_deploy/python/eggroll/core/command/command_router.py", line 91, in dispatch
    call_result = _method(_instance, *deserialized_args)
  File "/home/app/workspace/Eggroll_deploy/python/eggroll/core/utils.py", line 194, in wrapper
    raise RuntimeError(msg)
RuntimeError: 

==== detail start, at 20220808.183554.437 ====
Traceback (most recent call last):
  File "/home/app/workspace/Eggroll_deploy/python/eggroll/core/utils.py", line 187, in wrapper
    return func(*args, **kw)
  File "/home/app/workspace/Eggroll_deploy/python/eggroll/roll_pair/egg_pair.py", line 690, in run_task
    value=self.functor_serdes.serialize(f(task)))
  File "/home/app/workspace/Eggroll_deploy/python/eggroll/roll_pair/test/test_roll_pair.py", line 80, in get_eggs
    eggs = input_adapter.get('eggs')
  File "/home/app/workspace/Eggroll_deploy/python/eggroll/core/pair_store/adapter.py", line 190, in get
    return self.data[key]
KeyError: 'eggs'

==== detail end ====


